// Jest Snapshot v1, https://goo.gl/fbAQLP

exports[`searchCategory returns the correct shape 1`] = `
Object {
  "availableSortMethods": Array [
    Object {
      "attribute": "relevance",
      "id": "sortItem.relevance",
      "sortDirection": "DESC",
      "text": "Best Match",
    },
    Object {
      "attribute": "position",
      "id": "sortItem.position",
      "sortDirection": "ASC",
      "text": "Position",
    },
    Object {
      "attribute": "price",
      "id": "sortItem.priceDesc",
      "sortDirection": "DESC",
      "text": "Price: High to Low",
    },
    Object {
      "attribute": "price",
      "id": "sortItem.priceAsc",
      "sortDirection": "ASC",
      "text": "Price: Low to High",
    },
  ],
  "data": Object {
    "products": Object {
      "page_info": Object {
        "total_pages": 6,
      },
    },
  },
  "error": null,
  "filters": undefined,
  "loading": false,
  "openDrawer": [Function],
  "pageControl": Object {
    "currentPage": 3,
    "setPage": [MockFunction],
    "totalPages": 6,
  },
  "searchCategory": null,
  "searchTerm": "",
  "sortProps": Array [
    Object {
      "sortAttribute": "relevance",
      "sortDirection": "DESC",
      "sortText": "Best Match",
    },
    [MockFunction],
  ],
}
`;
